// Jest Snapshot v1, https://goo.gl/fbAQLP

exports[`renders and matches snapshot 1`] = `
<View
  style={
    Array [
      Object {
        "flex": 1,
      },
      Object {
        "alignItems": "center",
        "flexDirection": "column",
        "justifyContent": "center",
      },
      Object {
        "paddingHorizontal": 30,
        "paddingVertical": 30,
      },
      Object {
        "backgroundColor": "#509FA8",
      },
    ]
  }
>
  <Modal
    animationType="none"
    hardwareAccelerated={false}
    onRequestClose={[Function]}
    statusBarTranslucent={true}
    supportedOrientations={
      Array [
        "landscape",
        "portrait",
      ]
    }
    transparent={true}
    visible={false}
  >
    <View
      style={
        Array [
          Object {
            "backgroundColor": "transparent",
            "bottom": 0,
            "flex": 1,
            "left": 0,
            "position": "absolute",
            "right": 0,
            "top": 0,
          },
          Object {
            "backgroundColor": "rgba(0, 0, 0, 0.25)",
          },
        ]
      }
    >
      <View
        style={
          Object {
            "alignItems": "center",
            "bottom": 0,
            "justifyContent": "center",
            "left": 0,
            "position": "absolute",
            "right": 0,
            "top": 0,
          }
        }
      >
        <ActivityIndicator
          animating={true}
          color="white"
          hidesWhenStopped={true}
          size="large"
          style={
            Array [
              Object {
                "flex": 1,
              },
              Object {},
            ]
          }
        />
        <View
          style={
            Array [
              Object {
                "alignItems": "center",
                "bottom": 0,
                "flex": 1,
                "justifyContent": "center",
                "left": 0,
                "position": "absolute",
                "right": 0,
                "top": 0,
              },
              Object {},
            ]
          }
        >
          <Text
            style={
              Array [
                Object {
                  "fontSize": 20,
                  "fontWeight": "bold",
                  "height": 50,
                  "top": 80,
                },
                undefined,
              ]
            }
          >
            
          </Text>
        </View>
      </View>
    </View>
  </Modal>
  <View
    style={
      Array [
        Object {
          "backgroundColor": "#F9F9F9",
        },
        Object {
          "borderRadius": 8,
          "elevation": 10,
          "shadowColor": "black",
          "shadowRadius": 4,
        },
        Object {
          "paddingHorizontal": 25,
        },
      ]
    }
  >
    <View
      style={
        Array [
          Object {
            "paddingTop": 25,
          },
          Object {
            "height": 30,
            "width": 30,
          },
        ]
      }
    >
      <View
        accessible={true}
        focusable={true}
        onClick={[Function]}
        onResponderGrant={[Function]}
        onResponderMove={[Function]}
        onResponderRelease={[Function]}
        onResponderTerminate={[Function]}
        onResponderTerminationRequest={[Function]}
        onStartShouldSetResponder={[Function]}
        style={
          Object {
            "opacity": 1,
          }
        }
      >
        <Image
          resizeMode="contain"
          source={
            Object {
              "process": [Function],
            }
          }
          style={
            Object {
              "height": 22,
              "width": 22,
            }
          }
        />
      </View>
    </View>
    <View
      style={
        Array [
          Object {
            "justifyContent": "center",
          },
          Object {
            "flex": 1,
          },
        ]
      }
    >
      <View
        style={
          Array [
            Object {
              "flexDirection": "column",
            },
            Object {
              "alignItems": "center",
            },
            Object {
              "paddingBottom": 25,
            },
          ]
        }
      >
        <Text
          style={
            Array [
              Object {
                "color": "#212529",
                "fontFamily": "Roboto-Light",
                "fontSize": 25,
                "fontWeight": "300",
                "letterSpacing": 1.085,
              },
              Object {
                "textAlign": "center",
              },
            ]
          }
        >
          Enter your details
        </Text>
      </View>
      <View
        style={
          Array [
            Object {
              "alignItems": "center",
              "flexDirection": "row",
              "justifyContent": "center",
            },
            Object {
              "paddingBottom": 25,
            },
          ]
        }
      >
        <View
          style={
            Array [
              Object {
                "flexDirection": "row",
              },
              Object {
                "alignItems": "center",
              },
              Object {
                "backgroundColor": "#DFDFDF",
                "borderRadius": 8,
                "color": "#212529",
              },
            ]
          }
        >
          <View
            style={
              Array [
                Object {
                  "marginLeft": 7,
                },
              ]
            }
          >
            <Image
              resizeMode="contain"
              source={
                Object {
                  "process": [Function],
                }
              }
              style={
                Object {
                  "height": 32,
                  "width": 32,
                }
              }
            />
          </View>
          <View
            style={
              Array [
                Object {
                  "flex": 1,
                },
                Object {
                  "paddingLeft": 10,
                },
              ]
            }
          >
            <TextInput
              allowFontScaling={true}
              editable={true}
              onChangeText={[Function]}
              onEndEditing={[Function]}
              onFocus={[Function]}
              rejectResponderTermination={true}
              returnKeyType="done"
              secureTextEntry={false}
              selectTextOnFocus={true}
              style={
                Array [
                  Object {
                    "fontFamily": "Roboto-Regular",
                    "fontSize": 16,
                    "fontWeight": "400",
                    "letterSpacing": 1.085,
                  },
                  Object {
                    "height": 50,
                  },
                ]
              }
              underlineColorAndroid="transparent"
              value="Email"
            />
          </View>
        </View>
      </View>
      <View
        style={
          Array [
            Object {
              "alignItems": "center",
              "flexDirection": "row",
              "justifyContent": "center",
            },
            Object {
              "paddingBottom": 25,
            },
          ]
        }
      >
        <View
          style={
            Array [
              Object {
                "flexDirection": "row",
              },
              Object {
                "alignItems": "center",
              },
              Object {
                "backgroundColor": "#DFDFDF",
                "borderRadius": 8,
                "color": "#212529",
              },
            ]
          }
        >
          <View
            style={
              Array [
                Object {
                  "marginLeft": 7,
                },
              ]
            }
          >
            <Image
              resizeMode="contain"
              source={
                Object {
                  "process": [Function],
                }
              }
              style={
                Object {
                  "height": 32,
                  "width": 32,
                }
              }
            />
          </View>
          <View
            style={
              Array [
                Object {
                  "flex": 1,
                },
                Object {
                  "paddingLeft": 10,
                },
              ]
            }
          >
            <TextInput
              allowFontScaling={true}
              editable={true}
              onChangeText={[Function]}
              onEndEditing={[Function]}
              onFocus={[Function]}
              rejectResponderTermination={true}
              returnKeyType="done"
              secureTextEntry={false}
              selectTextOnFocus={true}
              style={
                Array [
                  Object {
                    "fontFamily": "Roboto-Regular",
                    "fontSize": 16,
                    "fontWeight": "400",
                    "letterSpacing": 1.085,
                  },
                  Object {
                    "height": 50,
                  },
                ]
              }
              underlineColorAndroid="transparent"
              value="Password"
            />
          </View>
        </View>
      </View>
      <View
        style={
          Array [
            Object {
              "alignItems": "center",
              "flexDirection": "row",
              "justifyContent": "center",
            },
            Object {
              "paddingBottom": 25,
            },
          ]
        }
      >
        <View
          style={
            Array [
              Object {
                "flexDirection": "row",
              },
              Object {
                "alignItems": "center",
              },
              Object {
                "backgroundColor": "#DFDFDF",
                "borderRadius": 8,
                "color": "#212529",
              },
            ]
          }
        >
          <View
            style={
              Array [
                Object {
                  "marginLeft": 7,
                },
              ]
            }
          >
            <Image
              resizeMode="contain"
              source={
                Object {
                  "process": [Function],
                }
              }
              style={
                Object {
                  "height": 32,
                  "width": 32,
                }
              }
            />
          </View>
          <View
            style={
              Array [
                Object {
                  "flex": 1,
                },
                Object {
                  "paddingLeft": 10,
                },
              ]
            }
          >
            <TextInput
              allowFontScaling={true}
              editable={true}
              onChangeText={[Function]}
              onEndEditing={[Function]}
              onFocus={[Function]}
              rejectResponderTermination={true}
              returnKeyType="done"
              secureTextEntry={false}
              selectTextOnFocus={true}
              style={
                Array [
                  Object {
                    "fontFamily": "Roboto-Regular",
                    "fontSize": 16,
                    "fontWeight": "400",
                    "letterSpacing": 1.085,
                  },
                  Object {
                    "height": 50,
                  },
                ]
              }
              underlineColorAndroid="transparent"
              value="Re-enter password"
            />
          </View>
        </View>
      </View>
      <View
        style={
          Array [
            Object {
              "alignItems": "center",
              "flexDirection": "row",
              "justifyContent": "center",
            },
          ]
        }
      >
        <View
          style={
            Array [
              undefined,
              Object {
                "height": "100%",
                "width": "100%",
              },
            ]
          }
        >
          <View
            accessible={true}
            focusable={true}
            onClick={[Function]}
            onResponderGrant={[Function]}
            onResponderMove={[Function]}
            onResponderRelease={[Function]}
            onResponderTerminate={[Function]}
            onResponderTerminationRequest={[Function]}
            onStartShouldSetResponder={[Function]}
            style={
              Object {
                "alignItems": "center",
                "backgroundColor": "#B3C38B",
                "borderRadius": 8,
                "height": 50,
                "justifyContent": "center",
                "opacity": 0.7,
              }
            }
          >
            <Text
              style={
                Array [
                  Object {
                    "color": "#F9F9F9",
                    "fontFamily": "Roboto-Regular",
                    "fontSize": 20,
                    "fontWeight": "bold",
                    "letterSpacing": 1.085,
                  },
                  Object {
                    "textAlign": "center",
                  },
                ]
              }
            >
              Register
            </Text>
          </View>
        </View>
      </View>
    </View>
  </View>
</View>
`;
