// Jest Snapshot v1, https://goo.gl/fbAQLP

exports[`renders and matches snapshot 1`] = `
<View
  style={
    Array [
      Object {
        "flex": 1,
      },
      Object {
        "backgroundColor": "#F9F9F9",
      },
      Object {
        "flexDirection": "column",
      },
    ]
  }
>
  <View
    style={
      Array [
        Object {
          "flexDirection": "row",
        },
        Object {
          "alignItems": "center",
          "flexDirection": "row",
        },
        Object {
          "backgroundColor": "#509FA8",
        },
        Object {
          "elevation": 10,
          "shadowColor": "black",
          "shadowRadius": 4,
        },
        Object {
          "height": 65,
        },
      ]
    }
  >
    <View
      style={
        Array [
          Object {
            "paddingLeft": 15,
          },
        ]
      }
    >
      <View
        accessible={true}
        focusable={true}
        onClick={[Function]}
        onResponderGrant={[Function]}
        onResponderMove={[Function]}
        onResponderRelease={[Function]}
        onResponderTerminate={[Function]}
        onResponderTerminationRequest={[Function]}
        onStartShouldSetResponder={[Function]}
        style={
          Object {
            "opacity": 1,
          }
        }
      >
        <Image
          resizeMode="contain"
          source={
            Object {
              "process": [Function],
            }
          }
          style={
            Object {
              "height": 28,
              "width": 28,
            }
          }
        />
      </View>
    </View>
    <View
      style={
        Array [
          Object {
            "paddingLeft": 15,
          },
          Object {
            "alignItems": "center",
            "flexDirection": "row",
          },
          Object {
            "paddingBottom": 2,
          },
        ]
      }
    >
      <Text
        style={
          Array [
            Object {
              "color": "#F9F9F9",
              "fontFamily": "Roboto-Light",
              "fontSize": 28.8,
              "fontWeight": "300",
              "letterSpacing": 1.085,
            },
            Object {
              "textAlign": "center",
            },
          ]
        }
      >
        MyDevice
      </Text>
    </View>
  </View>
  <View
    style={
      Array [
        Object {
          "flexDirection": "column",
        },
        Object {
          "alignItems": "center",
          "justifyContent": "center",
        },
        Object {
          "paddingHorizontal": 45,
        },
        Object {
          "flex": 1,
        },
      ]
    }
  >
    <Text
      style={
        Array [
          Object {
            "color": "#212529",
            "fontFamily": "Roboto-Regular",
            "fontSize": 25,
            "fontWeight": "400",
            "letterSpacing": 1.085,
          },
          Object {
            "textAlign": "center",
          },
        ]
      }
    >
      Configuration update successful!
    </Text>
    <View
      style={
        Array [
          Object {
            "flexDirection": "row",
          },
          Object {
            "alignItems": "center",
          },
          Object {
            "paddingTop": 45,
          },
        ]
      }
    >
      <View
        style={
          Array [
            Object {
              "flex": 1,
            },
            Object {
              "height": "100%",
              "width": "100%",
            },
          ]
        }
      >
        <View
          accessible={true}
          focusable={true}
          onClick={[Function]}
          onResponderGrant={[Function]}
          onResponderMove={[Function]}
          onResponderRelease={[Function]}
          onResponderTerminate={[Function]}
          onResponderTerminationRequest={[Function]}
          onStartShouldSetResponder={[Function]}
          style={
            Object {
              "alignItems": "center",
              "backgroundColor": "#B3C38B",
              "borderRadius": 8,
              "height": 50,
              "justifyContent": "center",
              "opacity": 1,
            }
          }
        >
          <Text
            style={
              Array [
                Object {
                  "color": "#F9F9F9",
                  "fontFamily": "Roboto-Regular",
                  "fontSize": 20,
                  "fontWeight": "bold",
                  "letterSpacing": 1.085,
                },
                Object {
                  "textAlign": "center",
                },
              ]
            }
          >
            okay
          </Text>
        </View>
      </View>
    </View>
  </View>
</View>
`;
