// Jest Snapshot v1, https://goo.gl/fbAQLP

exports[`renders and matches snapshot 1`] = `
<View
  style={
    Array [
      Object {
        "flex": 1,
      },
      Object {
        "flexDirection": "column",
      },
    ]
  }
>
  <Modal
    animationType="none"
    hardwareAccelerated={false}
    onRequestClose={[Function]}
    statusBarTranslucent={true}
    supportedOrientations={
      Array [
        "landscape",
        "portrait",
      ]
    }
    transparent={true}
    visible={false}
  >
    <View
      style={
        Array [
          Object {
            "backgroundColor": "transparent",
            "bottom": 0,
            "flex": 1,
            "left": 0,
            "position": "absolute",
            "right": 0,
            "top": 0,
          },
          Object {
            "backgroundColor": "rgba(0, 0, 0, 0.25)",
          },
        ]
      }
    >
      <View
        style={
          Object {
            "alignItems": "center",
            "bottom": 0,
            "justifyContent": "center",
            "left": 0,
            "position": "absolute",
            "right": 0,
            "top": 0,
          }
        }
      >
        <ActivityIndicator
          animating={true}
          color="white"
          hidesWhenStopped={true}
          size="large"
          style={
            Array [
              Object {
                "flex": 1,
              },
              Object {},
            ]
          }
        />
        <View
          style={
            Array [
              Object {
                "alignItems": "center",
                "bottom": 0,
                "flex": 1,
                "justifyContent": "center",
                "left": 0,
                "position": "absolute",
                "right": 0,
                "top": 0,
              },
              Object {},
            ]
          }
        >
          <Text
            style={
              Array [
                Object {
                  "fontSize": 20,
                  "fontWeight": "bold",
                  "height": 50,
                  "top": 80,
                },
                Object {
                  "color": "#ffffff",
                },
              ]
            }
          >
            Processing Change
          </Text>
        </View>
      </View>
    </View>
  </Modal>
  <View
    style={
      Array [
        Object {
          "flexDirection": "row",
        },
        Object {
          "alignItems": "center",
          "flexDirection": "row",
        },
        Object {
          "backgroundColor": "#509FA8",
        },
        Object {
          "elevation": 10,
          "shadowColor": "black",
          "shadowRadius": 4,
        },
        Object {
          "height": 65,
        },
      ]
    }
  >
    <View
      style={
        Array [
          Object {
            "paddingLeft": 15,
          },
        ]
      }
    >
      <View
        accessible={true}
        focusable={true}
        onClick={[Function]}
        onResponderGrant={[Function]}
        onResponderMove={[Function]}
        onResponderRelease={[Function]}
        onResponderTerminate={[Function]}
        onResponderTerminationRequest={[Function]}
        onStartShouldSetResponder={[Function]}
        style={
          Object {
            "opacity": 1,
          }
        }
      >
        <Image
          resizeMode="contain"
          source={
            Object {
              "process": [Function],
            }
          }
          style={
            Object {
              "height": 28,
              "width": 28,
            }
          }
        />
      </View>
    </View>
    <View
      style={
        Array [
          Object {
            "paddingLeft": 15,
          },
          Object {
            "alignItems": "center",
            "flexDirection": "row",
          },
          Object {
            "paddingBottom": 2,
          },
        ]
      }
    >
      <Text
        style={
          Array [
            Object {
              "color": "#F9F9F9",
              "fontFamily": "Roboto-Light",
              "fontSize": 28.8,
              "fontWeight": "300",
              "letterSpacing": 1.085,
            },
            Object {
              "textAlign": "center",
            },
          ]
        }
      >
        Setup Wifi
      </Text>
    </View>
  </View>
  <View
    style={
      Array [
        Object {
          "flex": 1,
        },
        Object {
          "justifyContent": "space-between",
        },
      ]
    }
  >
    <View
      style={
        Array [
          Object {
            "flexDirection": "column",
          },
          Object {
            "alignItems": "center",
            "justifyContent": "center",
          },
          Object {
            "flex": 1,
          },
          Object {
            "justifyContent": "space-between",
          },
          Object {
            "backgroundColor": "#F9F9F9",
          },
        ]
      }
    >
      <View
        style={
          Array [
            Object {
              "flexDirection": "column",
            },
            Object {
              "flex": 1,
            },
            Object {
              "width": "100%",
            },
          ]
        }
      >
        <View
          style={
            Array [
              Object {
                "flex": 1,
              },
            ]
          }
        >
          <View
            style={
              Array [
                Object {
                  "flex": 1,
                },
                Object {
                  "backgroundColor": "#ffffff",
                },
              ]
            }
          >
            <ActivityIndicator
              animating={true}
              color="#999999"
              hidesWhenStopped={true}
              size="small"
            />
            <RCTScrollView
              data={Array []}
              disableVirtualization={false}
              enableEmptySections={true}
              getItem={[Function]}
              getItemCount={[Function]}
              horizontal={false}
              initialNumToRender={10}
              keyExtractor={[Function]}
              maxToRenderPerBatch={10}
              onContentSizeChange={[Function]}
              onEndReachedThreshold={2}
              onLayout={[Function]}
              onMomentumScrollEnd={[Function]}
              onScroll={[Function]}
              onScrollBeginDrag={[Function]}
              onScrollEndDrag={[Function]}
              persistentScrollbar={true}
              refreshControl={
                <RefreshControlMock
                  onRefresh={[Function]}
                  refreshing={true}
                />
              }
              removeClippedSubviews={false}
              renderItem={[Function]}
              scrollEventThrottle={50}
              stickyHeaderIndices={Array []}
              updateCellsBatchingPeriod={50}
              viewabilityConfigCallbackPairs={Array []}
              windowSize={21}
            >
              <RCTRefreshControl />
              <View />
            </RCTScrollView>
          </View>
        </View>
      </View>
    </View>
    <View
      style={
        Array [
          Object {
            "flexDirection": "column",
          },
          Object {
            "alignItems": "center",
            "justifyContent": "center",
          },
          Object {
            "justifyContent": "space-between",
          },
          Object {
            "paddingVertical": 15,
          },
          Object {
            "backgroundColor": "#B3C38B",
          },
        ]
      }
    >
      <View
        style={
          Array [
            Object {
              "paddingHorizontal": 45,
            },
            Object {
              "width": "100%",
            },
          ]
        }
      >
        <Text
          style={
            Array [
              Object {
                "color": "#F9F9F9",
                "fontFamily": "Roboto-Bold",
                "fontSize": 25,
                "fontWeight": "500",
                "letterSpacing": 1.085,
              },
              Object {
                "textAlign": "center",
              },
            ]
          }
        >
          Enter password for:
        </Text>
        <Text
          style={
            Array [
              Object {
                "color": "#F9F9F9",
                "fontFamily": "Roboto-Light",
                "fontSize": 20,
                "fontWeight": "300",
                "letterSpacing": 1.085,
              },
              Object {
                "paddingBottom": 15,
              },
              Object {
                "textAlign": "center",
              },
            ]
          }
        >
          —— select network ——
        </Text>
        <View
          style={
            Array [
              Object {
                "flexDirection": "row",
              },
              Object {
                "alignItems": "center",
              },
              Object {
                "backgroundColor": "#F9F9F9",
                "borderRadius": 8,
                "color": "#212529",
              },
            ]
          }
        >
          <View
            style={
              Array [
                Object {
                  "flex": 1,
                },
                Object {
                  "paddingLeft": 10,
                },
              ]
            }
          >
            <TextInput
              allowFontScaling={true}
              editable={false}
              onChangeText={[Function]}
              onEndEditing={[Function]}
              onFocus={[Function]}
              rejectResponderTermination={true}
              returnKeyType="done"
              secureTextEntry={false}
              selectTextOnFocus={true}
              style={
                Array [
                  Object {
                    "fontFamily": "Roboto-Regular",
                    "fontSize": 16,
                    "fontWeight": "400",
                    "letterSpacing": 1.085,
                  },
                  Object {
                    "height": 50,
                  },
                ]
              }
              underlineColorAndroid="transparent"
              value="Network password (optional)"
            />
          </View>
        </View>
      </View>
      <View
        style={
          Array [
            Object {
              "flexDirection": "row",
            },
            Object {
              "alignItems": "center",
            },
            Object {
              "paddingHorizontal": 45,
            },
            Object {
              "paddingVertical": 15,
            },
          ]
        }
      >
        <View
          style={
            Array [
              Object {
                "flex": 1,
              },
              Object {
                "height": "100%",
                "width": "100%",
              },
            ]
          }
        >
          <View
            accessible={true}
            focusable={true}
            onClick={[Function]}
            onResponderGrant={[Function]}
            onResponderMove={[Function]}
            onResponderRelease={[Function]}
            onResponderTerminate={[Function]}
            onResponderTerminationRequest={[Function]}
            onStartShouldSetResponder={[Function]}
            style={
              Object {
                "alignItems": "center",
                "backgroundColor": "#509FA8",
                "borderRadius": 8,
                "height": 50,
                "justifyContent": "center",
                "opacity": 0.7,
              }
            }
          >
            <Text
              style={
                Array [
                  Object {
                    "color": "#F9F9F9",
                    "fontFamily": "Roboto-Regular",
                    "fontSize": 20,
                    "fontWeight": "bold",
                    "letterSpacing": 1.085,
                  },
                  Object {
                    "textAlign": "center",
                  },
                ]
              }
            >
              Connect device
            </Text>
          </View>
        </View>
      </View>
    </View>
  </View>
</View>
`;
