// Jest Snapshot v1, https://goo.gl/fbAQLP

exports[`renders and matches snapshot 1`] = `
<View
  style={
    Array [
      Object {
        "flex": 1,
      },
      Object {
        "alignItems": "center",
        "flexDirection": "column",
        "justifyContent": "center",
      },
    ]
  }
>
  <View
    style={
      Object {
        "height": 90,
        "width": 260,
      }
    }
  >
    <Image
      resizeMode="contain"
      source={
        Object {
          "process": [Function],
        }
      }
      style={
        Object {
          "height": "100%",
          "width": "100%",
        }
      }
    />
  </View>
</View>
`;
