// Jest Snapshot v1, https://goo.gl/fbAQLP

exports[`renders and matches snapshot 1`] = `
<View
  style={
    Array [
      Object {
        "flex": 1,
      },
      Object {
        "backgroundColor": "#B3C38B",
      },
      Object {
        "flexDirection": "column",
      },
      Object {
        "paddingHorizontal": 45,
      },
      Object {
        "paddingVertical": 100,
      },
      Object {
        "justifyContent": "space-between",
      },
    ]
  }
>
  <View
    style={
      Array [
        Object {
          "flexDirection": "column",
        },
        Object {
          "alignItems": "center",
        },
        Object {
          "justifyContent": "space-between",
        },
        Object {
          "height": 250,
        },
      ]
    }
  >
    <RNSpinkit
      color={4294572537}
      size={150}
      style={
        Array [
          Object {
            "height": 150,
            "width": 150,
          },
          undefined,
        ]
      }
      type="Bounce"
    />
    <View
      style={
        Array [
          Object {
            "flexDirection": "column",
          },
          Object {
            "alignItems": "center",
          },
          Object {
            "paddingTop": 25,
          },
        ]
      }
    >
      <Text
        style={
          Array [
            Object {
              "color": "#F9F9F9",
              "fontFamily": "Roboto-Bold",
              "fontSize": 25,
              "fontWeight": "700",
              "letterSpacing": 1.085,
            },
            Object {
              "textAlign": "center",
            },
            Object {
              "paddingBottom": 5,
            },
          ]
        }
      >
        Uploading
         
      </Text>
      <Text
        style={
          Array [
            Object {
              "color": "#F9F9F9",
              "fontFamily": "Roboto-Regular",
              "fontSize": 18,
              "fontWeight": "400",
              "letterSpacing": 1.085,
            },
            Object {
              "textAlign": "center",
            },
          ]
        }
      >
        initializing
      </Text>
    </View>
  </View>
  <View
    style={
      Array [
        Object {
          "flexDirection": "column",
        },
        Object {
          "alignItems": "center",
        },
        Object {
          "justifyContent": "space-between",
        },
        Object {
          "height": 60,
        },
      ]
    }
  >
    <View
      animated={true}
      animationConfig={
        Object {
          "bounciness": 0,
        }
      }
      animationType="spring"
      indeterminate={true}
      indeterminateAnimationDuration={1000}
      onLayout={[Function]}
      progress={0}
      style={
        Array [
          Object {
            "backgroundColor": "#F9F9F9",
            "borderColor": "#509FA8",
            "borderRadius": 8,
            "borderWidth": 1,
            "overflow": "hidden",
            "width": 300,
          },
          undefined,
        ]
      }
      useNativeDriver={true}
    >
      <View
        style={
          Object {
            "backgroundColor": "#509FA8",
            "height": 25,
            "transform": Array [
              Object {
                "translateX": -89.39999999999999,
              },
              Object {
                "translateX": -104.30000000000001,
              },
              Object {
                "scaleX": 0.30007,
              },
            ],
          }
        }
      />
    </View>
    <Text
      style={
        Object {
          "color": "#F9F9F9",
          "fontFamily": "Roboto-Regular",
          "fontSize": 18,
          "fontWeight": "400",
          "letterSpacing": 1.085,
        }
      }
    >
      est. time remaining: 
      tbd
    </Text>
  </View>
  <View
    style={
      Array [
        Object {
          "flexDirection": "column",
        },
        Object {
          "alignItems": "center",
        },
        Object {
          "justifyContent": "space-between",
        },
        Object {
          "height": 50,
        },
      ]
    }
  >
    <View
      style={
        Array [
          Object {
            "flex": 1,
          },
          Object {
            "height": "100%",
            "width": "100%",
          },
        ]
      }
    >
      <View
        accessible={true}
        focusable={true}
        onClick={[Function]}
        onResponderGrant={[Function]}
        onResponderMove={[Function]}
        onResponderRelease={[Function]}
        onResponderTerminate={[Function]}
        onResponderTerminationRequest={[Function]}
        onStartShouldSetResponder={[Function]}
        style={
          Object {
            "alignItems": "center",
            "backgroundColor": "#F9F9F9",
            "borderRadius": 8,
            "height": 50,
            "justifyContent": "center",
            "opacity": 0.7,
          }
        }
      >
        <Text
          style={
            Array [
              Object {
                "color": "#212529",
                "fontFamily": "Roboto-Regular",
                "fontSize": 20,
                "fontWeight": "bold",
                "letterSpacing": 1.085,
              },
            ]
          }
        >
          Contiune
        </Text>
      </View>
    </View>
  </View>
</View>
`;
